{
  "version": "1.4.0",
  "plugins_used": [
    {
      "name": "ArtifactoryDetector"
    },
    {
      "name": "AWSKeyDetector"
    },
    {
      "name": "AzureStorageKeyDetector"
    },
    {
      "name": "Base64HighEntropyString",
      "limit": 4.5
    },
    {
      "name": "BasicAuthDetector"
    },
    {
      "name": "CloudantDetector"
    },
    {
      "name": "DiscordBotTokenDetector"
    },
    {
      "name": "GitHubTokenDetector"
    },
    {
      "name": "HexHighEntropyString",
      "limit": 3.0
    },
    {
      "name": "IbmCloudIamDetector"
    },
    {
      "name": "IbmCosHmacDetector"
    },
    {
      "name": "JwtTokenDetector"
    },
    {
      "name": "KeywordDetector",
      "keyword_exclude": ""
    },
    {
      "name": "MailchimpDetector"
    },
    {
      "name": "NpmDetector"
    },
    {
      "name": "PrivateKeyDetector"
    },
    {
      "name": "SendGridDetector"
    },
    {
      "name": "SlackDetector"
    },
    {
      "name": "SoftlayerDetector"
    },
    {
      "name": "SquareOAuthDetector"
    },
    {
      "name": "StripeDetector"
    },
    {
      "name": "TwilioKeyDetector"
    }
  ],
  "filters_used": [
    {
      "path": "detect_secrets.filters.allowlist.is_line_allowlisted"
    },
    {
      "path": "detect_secrets.filters.common.is_baseline_file",
      "filename": ".secrets.baseline"
    },
    {
      "path": "detect_secrets.filters.common.is_ignored_due_to_verification_policies",
      "min_level": 2
    },
    {
      "path": "detect_secrets.filters.heuristic.is_indirect_reference"
    },
    {
      "path": "detect_secrets.filters.heuristic.is_likely_id_string"
    },
    {
      "path": "detect_secrets.filters.heuristic.is_lock_file"
    },
    {
      "path": "detect_secrets.filters.heuristic.is_not_alphanumeric_string"
    },
    {
      "path": "detect_secrets.filters.heuristic.is_potential_uuid"
    },
    {
      "path": "detect_secrets.filters.heuristic.is_prefixed_with_dollar_sign"
    },
    {
      "path": "detect_secrets.filters.heuristic.is_sequential_string"
    },
    {
      "path": "detect_secrets.filters.heuristic.is_swagger_file"
    },
    {
      "path": "detect_secrets.filters.heuristic.is_templated_secret"
    },
    {
      "path": "detect_secrets.filters.regex.should_exclude_file",
      "pattern": [
        "(^\\.venv/|^\\.git/|uv\\.lock|package-lock\\.json|^node_modules/|^bandit-report\\.json$)"
      ]
    }
  ],
  "results": {
    ".github/DEVELOPMENT.md": [
      {
        "type": "Secret Keyword",
        "filename": ".github/DEVELOPMENT.md",
        "hashed_secret": "a200967def1296094f1d05e89956b22e6542f561",
        "is_verified": false,
        "line_number": 326
      }
    ],
    ".github/workflows/code-quality.yml": [
      {
        "type": "Secret Keyword",
        "filename": ".github/workflows/code-quality.yml",
        "hashed_secret": "bfb94ec41a4eab0706907a5e93d6a22484638ff4",
        "is_verified": false,
        "line_number": 119
      }
    ],
    "SECURITY.md": [
      {
        "type": "Secret Keyword",
        "filename": "SECURITY.md",
        "hashed_secret": "a8253456364f1bfc7da7ae4a1db5b45d106317a5",
        "is_verified": false,
        "line_number": 103
      },
      {
        "type": "Secret Keyword",
        "filename": "SECURITY.md",
        "hashed_secret": "587e473372866ddae53f2f6d766e1806efcb86c7",
        "is_verified": false,
        "line_number": 133
      }
    ],
    "docs_v1/DOCUMENTATION.md": [
      {
        "type": "Secret Keyword",
        "filename": "docs_v1/DOCUMENTATION.md",
        "hashed_secret": "be8c455a115c8024ef4859363120a0e8c31a4866",
        "is_verified": false,
        "line_number": 159
      },
      {
        "type": "Secret Keyword",
        "filename": "docs_v1/DOCUMENTATION.md",
        "hashed_secret": "d66ecb511f518eaa9f084e043d54257dcf172618",
        "is_verified": false,
        "line_number": 163
      },
      {
        "type": "Secret Keyword",
        "filename": "docs_v1/DOCUMENTATION.md",
        "hashed_secret": "ea9a49aac57c75acf146cfd23409114d747b77f0",
        "is_verified": false,
        "line_number": 173
      },
      {
        "type": "Secret Keyword",
        "filename": "docs_v1/DOCUMENTATION.md",
        "hashed_secret": "a9b7a7c1cff53859ce8d3145c564fbe234089a0c",
        "is_verified": false,
        "line_number": 176
      },
      {
        "type": "Secret Keyword",
        "filename": "docs_v1/DOCUMENTATION.md",
        "hashed_secret": "d1b7e1c27fc85c2bb6e5f2923451bbc76b156e72",
        "is_verified": false,
        "line_number": 256
      },
      {
        "type": "Secret Keyword",
        "filename": "docs_v1/DOCUMENTATION.md",
        "hashed_secret": "ec3810e10fb78db55ce38b9c18d1c3eb1db739e0",
        "is_verified": false,
        "line_number": 272
      },
      {
        "type": "Secret Keyword",
        "filename": "docs_v1/DOCUMENTATION.md",
        "hashed_secret": "564e340cd48437d2dfe876ee154cc99dc4d0d137",
        "is_verified": false,
        "line_number": 308
      },
      {
        "type": "Secret Keyword",
        "filename": "docs_v1/DOCUMENTATION.md",
        "hashed_secret": "9dde1512bcc08c5a0e80c26553a4160b9d6dc116",
        "is_verified": false,
        "line_number": 317
      },
      {
        "type": "Secret Keyword",
        "filename": "docs_v1/DOCUMENTATION.md",
        "hashed_secret": "086b19538ea9d10acfb923ce9d8512cdbabec83f",
        "is_verified": false,
        "line_number": 838
      },
      {
        "type": "Secret Keyword",
        "filename": "docs_v1/DOCUMENTATION.md",
        "hashed_secret": "ef158ed2a5bf7b8686bc7f9dcdeade5bb42663c2",
        "is_verified": false,
        "line_number": 1201
      }
    ],
    "docs_v2/08_Epics/001_multi_tenant_orchestrator_runtime_config/022_orchestrator_schema_v2_integration/stories/03_credential_resolution/022_03_credential-resolution.md": [
      {
        "type": "Secret Keyword",
        "filename": "docs_v2/08_Epics/001_multi_tenant_orchestrator_runtime_config/022_orchestrator_schema_v2_integration/stories/03_credential_resolution/022_03_credential-resolution.md",
        "hashed_secret": "ec3810e10fb78db55ce38b9c18d1c3eb1db739e0",
        "is_verified": false,
        "line_number": 218
      }
    ],
    "docs_v2/08_Epics/002_web_admin_curation_ux/005_web_interface_mvp/005_design.md": [
      {
        "type": "Hex High Entropy String",
        "filename": "docs_v2/08_Epics/002_web_admin_curation_ux/005_web_interface_mvp/005_design.md",
        "hashed_secret": "244f421f896bdcdd2784dccf4eaf7c8dfd5189b5",
        "is_verified": false,
        "line_number": 819
      }
    ],
    "docs_v2/08_Epics/002_web_admin_curation_ux/005_web_interface_mvp/stories/02_web-interface-admin-controls/005_02_plan.yaml": [
      {
        "type": "Secret Keyword",
        "filename": "docs_v2/08_Epics/002_web_admin_curation_ux/005_web_interface_mvp/stories/02_web-interface-admin-controls/005_02_plan.yaml",
        "hashed_secret": "f929dcf1024d659263f67a75916ec15172998fec",
        "is_verified": false,
        "line_number": 67
      }
    ],
    "docs_v2/08_Epics/004_deployment_ops_modernization/012_central_config_i18n_text/stories/01_implementation/ACTIVATION_SUMMARY.md": [
      {
        "type": "Secret Keyword",
        "filename": "docs_v2/08_Epics/004_deployment_ops_modernization/012_central_config_i18n_text/stories/01_implementation/ACTIVATION_SUMMARY.md",
        "hashed_secret": "746e6a10f1ca216e17a07ef0d86e577779017c55",
        "is_verified": false,
        "line_number": 167
      }
    ],
    "docs_v2/08_Epics/004_deployment_ops_modernization/021_config_env_consolidation/stories/01_json_parser_infrastructure/021_01_design.md": [
      {
        "type": "Secret Keyword",
        "filename": "docs_v2/08_Epics/004_deployment_ops_modernization/021_config_env_consolidation/stories/01_json_parser_infrastructure/021_01_design.md",
        "hashed_secret": "e5e9fa1ba31ecd1ae84f75caaa474f3a663f05f4",
        "is_verified": false,
        "line_number": 195
      }
    ],
    "docs_v2/09_Reviews/020_auth0_login_review.md": [
      {
        "type": "Secret Keyword",
        "filename": "docs_v2/09_Reviews/020_auth0_login_review.md",
        "hashed_secret": "3fd42abbc9073dbb603bdf71f6e4204fa31f5e9d",
        "is_verified": false,
        "line_number": 257
      }
    ],
    "docs_v2/09_Reviews/021_config_env_consolidation_review.md": [
      {
        "type": "Secret Keyword",
        "filename": "docs_v2/09_Reviews/021_config_env_consolidation_review.md",
        "hashed_secret": "e5e9fa1ba31ecd1ae84f75caaa474f3a663f05f4",
        "is_verified": false,
        "line_number": 78
      }
    ],
    "docs_v2/10_Testing/INTEGRATION_TEST_REPORT_2025-12-27.md": [
      {
        "type": "Secret Keyword",
        "filename": "docs_v2/10_Testing/INTEGRATION_TEST_REPORT_2025-12-27.md",
        "hashed_secret": "4d6dec03aeb3fd3e08224426f0c4172c6b608eb0",
        "is_verified": false,
        "line_number": 166
      }
    ],
    "docs_v2/10_Testing/ORCHESTRATOR_INTEGRATION_TEST_REPORT_2025-12-26.md": [
      {
        "type": "Hex High Entropy String",
        "filename": "docs_v2/10_Testing/ORCHESTRATOR_INTEGRATION_TEST_REPORT_2025-12-26.md",
        "hashed_secret": "d0a0145dff109a819c4192a1e63f717935c817c3",
        "is_verified": false,
        "line_number": 67
      }
    ],
    "docs_v2/roadmap/PUB-027_bluesky-publisher.md": [
      {
        "type": "Secret Keyword",
        "filename": "docs_v2/roadmap/PUB-027_bluesky-publisher.md",
        "hashed_secret": "54cd233cf766b984a30cbd9dd47ce2c2d3cdb213",
        "is_verified": false,
        "line_number": 77
      }
    ],
    "publisher_v2/src/publisher_v2/web/app.py": [
      {
        "type": "Secret Keyword",
        "filename": "publisher_v2/src/publisher_v2/web/app.py",
        "hashed_secret": "3fd42abbc9073dbb603bdf71f6e4204fa31f5e9d",
        "is_verified": false,
        "line_number": 315
      }
    ],
    "publisher_v2/tests/config/test_loader_env_helpers.py": [
      {
        "type": "Secret Keyword",
        "filename": "publisher_v2/tests/config/test_loader_env_helpers.py",
        "hashed_secret": "f2b14f68eb995facb3a1c35287b778d5bd785511",
        "is_verified": false,
        "line_number": 378
      },
      {
        "type": "Secret Keyword",
        "filename": "publisher_v2/tests/config/test_loader_env_helpers.py",
        "hashed_secret": "e5e9fa1ba31ecd1ae84f75caaa474f3a663f05f4",
        "is_verified": false,
        "line_number": 412
      },
      {
        "type": "Secret Keyword",
        "filename": "publisher_v2/tests/config/test_loader_env_helpers.py",
        "hashed_secret": "0925d72a72e4f1d6a72d64eff359127c13672694",
        "is_verified": false,
        "line_number": 420
      },
      {
        "type": "Secret Keyword",
        "filename": "publisher_v2/tests/config/test_loader_env_helpers.py",
        "hashed_secret": "55ae78d2db07b10491b40366a4bf5f76d75092d6",
        "is_verified": false,
        "line_number": 454
      }
    ],
    "publisher_v2/tests/config/test_loader_integration.py": [
      {
        "type": "Secret Keyword",
        "filename": "publisher_v2/tests/config/test_loader_integration.py",
        "hashed_secret": "e36723e71ddab51d8ba7998c06969ae2739dcd66",
        "is_verified": false,
        "line_number": 84
      },
      {
        "type": "Secret Keyword",
        "filename": "publisher_v2/tests/config/test_loader_integration.py",
        "hashed_secret": "69dba6dfc0be932d10cdbfaae770c300cd7e0e3c",
        "is_verified": false,
        "line_number": 86
      },
      {
        "type": "Secret Keyword",
        "filename": "publisher_v2/tests/config/test_loader_integration.py",
        "hashed_secret": "215cbeb5ccab61a37a0fd1f687530c5b93d929d1",
        "is_verified": false,
        "line_number": 141
      },
      {
        "type": "Secret Keyword",
        "filename": "publisher_v2/tests/config/test_loader_integration.py",
        "hashed_secret": "55ae78d2db07b10491b40366a4bf5f76d75092d6",
        "is_verified": false,
        "line_number": 362
      }
    ],
    "publisher_v2/tests/config/test_loader_json_helpers.py": [
      {
        "type": "Secret Keyword",
        "filename": "publisher_v2/tests/config/test_loader_json_helpers.py",
        "hashed_secret": "f2b14f68eb995facb3a1c35287b778d5bd785511",
        "is_verified": false,
        "line_number": 85
      },
      {
        "type": "Secret Keyword",
        "filename": "publisher_v2/tests/config/test_loader_json_helpers.py",
        "hashed_secret": "75d42f368b739b920ac7722c1633201de9f7edd7",
        "is_verified": false,
        "line_number": 99
      },
      {
        "type": "Secret Keyword",
        "filename": "publisher_v2/tests/config/test_loader_json_helpers.py",
        "hashed_secret": "e9fe51f94eadabf54dbf2fbbd57188b9abee436e",
        "is_verified": false,
        "line_number": 112
      },
      {
        "type": "Secret Keyword",
        "filename": "publisher_v2/tests/config/test_loader_json_helpers.py",
        "hashed_secret": "e5e9fa1ba31ecd1ae84f75caaa474f3a663f05f4",
        "is_verified": false,
        "line_number": 132
      },
      {
        "type": "Secret Keyword",
        "filename": "publisher_v2/tests/config/test_loader_json_helpers.py",
        "hashed_secret": "f32b67c7e26342af42efabc674d441dca0a281c5",
        "is_verified": false,
        "line_number": 146
      },
      {
        "type": "Secret Keyword",
        "filename": "publisher_v2/tests/config/test_loader_json_helpers.py",
        "hashed_secret": "0121bc05e0945dfa630b80cba86e207b6d4ca829",
        "is_verified": false,
        "line_number": 149
      }
    ],
    "publisher_v2/tests/config/test_orchestrator_credentials.py": [
      {
        "type": "Secret Keyword",
        "filename": "publisher_v2/tests/config/test_orchestrator_credentials.py",
        "hashed_secret": "3d9febc2bb1941da736caaaa388f2a02546d7196",
        "is_verified": false,
        "line_number": 47
      },
      {
        "type": "Secret Keyword",
        "filename": "publisher_v2/tests/config/test_orchestrator_credentials.py",
        "hashed_secret": "1a91d62f7ca67399625a4368a6ab5d4a3baa6073",
        "is_verified": false,
        "line_number": 52
      }
    ],
    "publisher_v2/tests/config/test_orchestrator_runtime_config.py": [
      {
        "type": "Secret Keyword",
        "filename": "publisher_v2/tests/config/test_orchestrator_runtime_config.py",
        "hashed_secret": "b9253ceb8e0b7d3fdc443328fc12de967b115323",
        "is_verified": false,
        "line_number": 87
      }
    ],
    "publisher_v2/tests/conftest.py": [
      {
        "type": "Secret Keyword",
        "filename": "publisher_v2/tests/conftest.py",
        "hashed_secret": "72cb70dbbafe97e5ea13ad88acd65d08389439b0",
        "is_verified": false,
        "line_number": 352
      },
      {
        "type": "Secret Keyword",
        "filename": "publisher_v2/tests/conftest.py",
        "hashed_secret": "c9edbd91ddcb5e14f503d51d22fed31b9d67f652",
        "is_verified": false,
        "line_number": 363
      }
    ],
    "publisher_v2/tests/test_ai_email_length_control.py": [
      {
        "type": "Secret Keyword",
        "filename": "publisher_v2/tests/test_ai_email_length_control.py",
        "hashed_secret": "e9a5f12a8ecbb3eb46eca5096b5c52aa5e7c9fdd",
        "is_verified": false,
        "line_number": 75
      }
    ],
    "publisher_v2/tests/test_ai_multi_caption.py": [
      {
        "type": "Secret Keyword",
        "filename": "publisher_v2/tests/test_ai_multi_caption.py",
        "hashed_secret": "e9a5f12a8ecbb3eb46eca5096b5c52aa5e7c9fdd",
        "is_verified": false,
        "line_number": 72
      }
    ],
    "publisher_v2/tests/test_ai_prompt_payload.py": [
      {
        "type": "Secret Keyword",
        "filename": "publisher_v2/tests/test_ai_prompt_payload.py",
        "hashed_secret": "e9a5f12a8ecbb3eb46eca5096b5c52aa5e7c9fdd",
        "is_verified": false,
        "line_number": 72
      }
    ],
    "publisher_v2/tests/test_ai_prompt_precedence.py": [
      {
        "type": "Secret Keyword",
        "filename": "publisher_v2/tests/test_ai_prompt_precedence.py",
        "hashed_secret": "e9a5f12a8ecbb3eb46eca5096b5c52aa5e7c9fdd",
        "is_verified": false,
        "line_number": 43
      }
    ],
    "publisher_v2/tests/test_ai_vision_analysis_telemetry.py": [
      {
        "type": "Secret Keyword",
        "filename": "publisher_v2/tests/test_ai_vision_analysis_telemetry.py",
        "hashed_secret": "e9a5f12a8ecbb3eb46eca5096b5c52aa5e7c9fdd",
        "is_verified": false,
        "line_number": 52
      }
    ],
    "publisher_v2/tests/test_app_cli.py": [
      {
        "type": "Secret Keyword",
        "filename": "publisher_v2/tests/test_app_cli.py",
        "hashed_secret": "72cb70dbbafe97e5ea13ad88acd65d08389439b0",
        "is_verified": false,
        "line_number": 34
      },
      {
        "type": "Secret Keyword",
        "filename": "publisher_v2/tests/test_app_cli.py",
        "hashed_secret": "e9a5f12a8ecbb3eb46eca5096b5c52aa5e7c9fdd",
        "is_verified": false,
        "line_number": 40
      }
    ],
    "publisher_v2/tests/test_archive_with_sidecar.py": [
      {
        "type": "Secret Keyword",
        "filename": "publisher_v2/tests/test_archive_with_sidecar.py",
        "hashed_secret": "e5e9fa1ba31ecd1ae84f75caaa474f3a663f05f4",
        "is_verified": false,
        "line_number": 16
      }
    ],
    "publisher_v2/tests/test_caption_sample_script.py": [
      {
        "type": "Secret Keyword",
        "filename": "publisher_v2/tests/test_caption_sample_script.py",
        "hashed_secret": "98721904b02d8d08ef666285dd09501016d4e3fe",
        "is_verified": false,
        "line_number": 521
      }
    ],
    "publisher_v2/tests/test_config_loader.py": [
      {
        "type": "Secret Keyword",
        "filename": "publisher_v2/tests/test_config_loader.py",
        "hashed_secret": "1bdb819b553a3ebcdf42833ea0e5c05b8dac455c",
        "is_verified": false,
        "line_number": 47
      },
      {
        "type": "Secret Keyword",
        "filename": "publisher_v2/tests/test_config_loader.py",
        "hashed_secret": "c94d65f02a652d11c2e5c2e1ccf38dce5a076e1e",
        "is_verified": false,
        "line_number": 132
      },
      {
        "type": "Secret Keyword",
        "filename": "publisher_v2/tests/test_config_loader.py",
        "hashed_secret": "e93cdc4ca79c01ae3312b43059bf06532034bc87",
        "is_verified": false,
        "line_number": 147
      },
      {
        "type": "Secret Keyword",
        "filename": "publisher_v2/tests/test_config_loader.py",
        "hashed_secret": "37a11a353646680ebd591663a55626cf5202aa7b",
        "is_verified": false,
        "line_number": 217
      }
    ],
    "publisher_v2/tests/test_config_managed.py": [
      {
        "type": "Secret Keyword",
        "filename": "publisher_v2/tests/test_config_managed.py",
        "hashed_secret": "3c3b274d119ff5a5ec6c1e215c1cb794d9973ac1",
        "is_verified": false,
        "line_number": 25
      }
    ],
    "publisher_v2/tests/test_config_validation.py": [
      {
        "type": "Secret Keyword",
        "filename": "publisher_v2/tests/test_config_validation.py",
        "hashed_secret": "e5e9fa1ba31ecd1ae84f75caaa474f3a663f05f4",
        "is_verified": false,
        "line_number": 13
      },
      {
        "type": "Secret Keyword",
        "filename": "publisher_v2/tests/test_config_validation.py",
        "hashed_secret": "37eb9c34ac0ec3ef6bdf32d8c87e26328b188092",
        "is_verified": false,
        "line_number": 21
      },
      {
        "type": "Secret Keyword",
        "filename": "publisher_v2/tests/test_config_validation.py",
        "hashed_secret": "e9a5f12a8ecbb3eb46eca5096b5c52aa5e7c9fdd",
        "is_verified": false,
        "line_number": 40
      }
    ],
    "publisher_v2/tests/test_dropbox_keep_remove_move.py": [
      {
        "type": "Secret Keyword",
        "filename": "publisher_v2/tests/test_dropbox_keep_remove_move.py",
        "hashed_secret": "e5e9fa1ba31ecd1ae84f75caaa474f3a663f05f4",
        "is_verified": false,
        "line_number": 16
      }
    ],
    "publisher_v2/tests/test_dropbox_sidecar.py": [
      {
        "type": "Secret Keyword",
        "filename": "publisher_v2/tests/test_dropbox_sidecar.py",
        "hashed_secret": "e5e9fa1ba31ecd1ae84f75caaa474f3a663f05f4",
        "is_verified": false,
        "line_number": 16
      }
    ],
    "publisher_v2/tests/test_e2e_expanded_analysis_preview.py": [
      {
        "type": "Secret Keyword",
        "filename": "publisher_v2/tests/test_e2e_expanded_analysis_preview.py",
        "hashed_secret": "5a94799fd2b0d706a2fe2749f3cd70153031c111",
        "is_verified": false,
        "line_number": 40
      }
    ],
    "publisher_v2/tests/test_e2e_sd_caption.py": [
      {
        "type": "Secret Keyword",
        "filename": "publisher_v2/tests/test_e2e_sd_caption.py",
        "hashed_secret": "5a94799fd2b0d706a2fe2749f3cd70153031c111",
        "is_verified": false,
        "line_number": 55
      }
    ],
    "publisher_v2/tests/test_e2e_sidecar_metadata.py": [
      {
        "type": "Secret Keyword",
        "filename": "publisher_v2/tests/test_e2e_sidecar_metadata.py",
        "hashed_secret": "5a94799fd2b0d706a2fe2749f3cd70153031c111",
        "is_verified": false,
        "line_number": 76
      }
    ],
    "publisher_v2/tests/test_email_dead_config.py": [
      {
        "type": "Secret Keyword",
        "filename": "publisher_v2/tests/test_email_dead_config.py",
        "hashed_secret": "1a91d62f7ca67399625a4368a6ab5d4a3baa6073",
        "is_verified": false,
        "line_number": 69
      },
      {
        "type": "Secret Keyword",
        "filename": "publisher_v2/tests/test_email_dead_config.py",
        "hashed_secret": "8b39cc43ccf91341f3a7d49083ccd6c97c17d65c",
        "is_verified": false,
        "line_number": 149
      }
    ],
    "publisher_v2/tests/test_library_feature_flag.py": [
      {
        "type": "Secret Keyword",
        "filename": "publisher_v2/tests/test_library_feature_flag.py",
        "hashed_secret": "3c3b274d119ff5a5ec6c1e215c1cb794d9973ac1",
        "is_verified": false,
        "line_number": 36
      }
    ],
    "publisher_v2/tests/test_managed_storage.py": [
      {
        "type": "Secret Keyword",
        "filename": "publisher_v2/tests/test_managed_storage.py",
        "hashed_secret": "3c3b274d119ff5a5ec6c1e215c1cb794d9973ac1",
        "is_verified": false,
        "line_number": 18
      }
    ],
    "publisher_v2/tests/test_managed_storage_put_memory.py": [
      {
        "type": "Secret Keyword",
        "filename": "publisher_v2/tests/test_managed_storage_put_memory.py",
        "hashed_secret": "766a6e8998aefe2117d62c2d48411e43161ffa11",
        "is_verified": false,
        "line_number": 28
      }
    ],
    "publisher_v2/tests/test_preview_helpers_more.py": [
      {
        "type": "Hex High Entropy String",
        "filename": "publisher_v2/tests/test_preview_helpers_more.py",
        "hashed_secret": "125fbc14773f228e72f16d55be21bad750d30b19",
        "is_verified": false,
        "line_number": 59
      },
      {
        "type": "Hex High Entropy String",
        "filename": "publisher_v2/tests/test_preview_helpers_more.py",
        "hashed_secret": "0857abc2d90c5d9821229fc0a880f1c38ffb0e04",
        "is_verified": false,
        "line_number": 70
      }
    ],
    "publisher_v2/tests/test_pub028_smart_hashtags.py": [
      {
        "type": "Secret Keyword",
        "filename": "publisher_v2/tests/test_pub028_smart_hashtags.py",
        "hashed_secret": "e9a5f12a8ecbb3eb46eca5096b5c52aa5e7c9fdd",
        "is_verified": false,
        "line_number": 81
      }
    ],
    "publisher_v2/tests/test_publishers_platforms.py": [
      {
        "type": "Secret Keyword",
        "filename": "publisher_v2/tests/test_publishers_platforms.py",
        "hashed_secret": "37fa265330ad83eaa879efb1e2db6380896cf639",
        "is_verified": false,
        "line_number": 94
      },
      {
        "type": "Secret Keyword",
        "filename": "publisher_v2/tests/test_publishers_platforms.py",
        "hashed_secret": "9d4e1e23bd5b727046a9e3b4b7db57bd8d6ee684",
        "is_verified": false,
        "line_number": 586
      },
      {
        "type": "Secret Keyword",
        "filename": "publisher_v2/tests/test_publishers_platforms.py",
        "hashed_secret": "e9a5f12a8ecbb3eb46eca5096b5c52aa5e7c9fdd",
        "is_verified": false,
        "line_number": 588
      }
    ],
    "publisher_v2/tests/test_runtime_settings_injection.py": [
      {
        "type": "Secret Keyword",
        "filename": "publisher_v2/tests/test_runtime_settings_injection.py",
        "hashed_secret": "920a25ef686c4f7ca6ad23dd109d3ad653161832",
        "is_verified": false,
        "line_number": 226
      }
    ],
    "publisher_v2/tests/test_separate_models.py": [
      {
        "type": "Secret Keyword",
        "filename": "publisher_v2/tests/test_separate_models.py",
        "hashed_secret": "1bdb819b553a3ebcdf42833ea0e5c05b8dac455c",
        "is_verified": false,
        "line_number": 12
      }
    ],
    "publisher_v2/tests/test_storage_error_paths.py": [
      {
        "type": "Secret Keyword",
        "filename": "publisher_v2/tests/test_storage_error_paths.py",
        "hashed_secret": "72cb70dbbafe97e5ea13ad88acd65d08389439b0",
        "is_verified": false,
        "line_number": 41
      }
    ],
    "publisher_v2/tests/test_storage_factory.py": [
      {
        "type": "Secret Keyword",
        "filename": "publisher_v2/tests/test_storage_factory.py",
        "hashed_secret": "3c3b274d119ff5a5ec6c1e215c1cb794d9973ac1",
        "is_verified": false,
        "line_number": 43
      }
    ],
    "publisher_v2/tests/test_storage_protocol.py": [
      {
        "type": "Secret Keyword",
        "filename": "publisher_v2/tests/test_storage_protocol.py",
        "hashed_secret": "3c3b274d119ff5a5ec6c1e215c1cb794d9973ac1",
        "is_verified": false,
        "line_number": 252
      }
    ],
    "publisher_v2/tests/test_storage_thumbnail.py": [
      {
        "type": "Secret Keyword",
        "filename": "publisher_v2/tests/test_storage_thumbnail.py",
        "hashed_secret": "eb3d6b8a9e2a4087e2690c93f6f8a98ec33777fe",
        "is_verified": false,
        "line_number": 21
      }
    ],
    "publisher_v2/tests/test_workflow_multi_caption.py": [
      {
        "type": "Secret Keyword",
        "filename": "publisher_v2/tests/test_workflow_multi_caption.py",
        "hashed_secret": "e9a5f12a8ecbb3eb46eca5096b5c52aa5e7c9fdd",
        "is_verified": false,
        "line_number": 30
      }
    ],
    "publisher_v2/tests/test_workflow_sd_integration.py": [
      {
        "type": "Secret Keyword",
        "filename": "publisher_v2/tests/test_workflow_sd_integration.py",
        "hashed_secret": "5a94799fd2b0d706a2fe2749f3cd70153031c111",
        "is_verified": false,
        "line_number": 51
      }
    ],
    "publisher_v2/tests/tools/test_migrate_storage.py": [
      {
        "type": "Secret Keyword",
        "filename": "publisher_v2/tests/tools/test_migrate_storage.py",
        "hashed_secret": "39f233cdb9c2b0ad7fc90ac5d49a969a576e8537",
        "is_verified": false,
        "line_number": 482
      },
      {
        "type": "Base64 High Entropy String",
        "filename": "publisher_v2/tests/tools/test_migrate_storage.py",
        "hashed_secret": "d70eab08607a4d05faa2d0d6647206599e9abc65",
        "is_verified": false,
        "line_number": 483
      },
      {
        "type": "Secret Keyword",
        "filename": "publisher_v2/tests/tools/test_migrate_storage.py",
        "hashed_secret": "d70eab08607a4d05faa2d0d6647206599e9abc65",
        "is_verified": false,
        "line_number": 483
      }
    ],
    "publisher_v2/tests/web/conftest.py": [
      {
        "type": "Secret Keyword",
        "filename": "publisher_v2/tests/web/conftest.py",
        "hashed_secret": "766a6e8998aefe2117d62c2d48411e43161ffa11",
        "is_verified": false,
        "line_number": 176
      },
      {
        "type": "Secret Keyword",
        "filename": "publisher_v2/tests/web/conftest.py",
        "hashed_secret": "e9a5f12a8ecbb3eb46eca5096b5c52aa5e7c9fdd",
        "is_verified": false,
        "line_number": 182
      },
      {
        "type": "Secret Keyword",
        "filename": "publisher_v2/tests/web/conftest.py",
        "hashed_secret": "fe1bae27cb7c1fb823f496f286e78f1d2ae87734",
        "is_verified": false,
        "line_number": 183
      },
      {
        "type": "Secret Keyword",
        "filename": "publisher_v2/tests/web/conftest.py",
        "hashed_secret": "67f994533a5d976eed69aeae05e381bf6fa851e8",
        "is_verified": false,
        "line_number": 187
      }
    ],
    "publisher_v2/tests/web/test_analyze_no_temp_link.py": [
      {
        "type": "Secret Keyword",
        "filename": "publisher_v2/tests/web/test_analyze_no_temp_link.py",
        "hashed_secret": "e9a5f12a8ecbb3eb46eca5096b5c52aa5e7c9fdd",
        "is_verified": false,
        "line_number": 66
      },
      {
        "type": "Secret Keyword",
        "filename": "publisher_v2/tests/web/test_analyze_no_temp_link.py",
        "hashed_secret": "fe1bae27cb7c1fb823f496f286e78f1d2ae87734",
        "is_verified": false,
        "line_number": 70
      }
    ],
    "publisher_v2/tests/web/test_auth0.py": [
      {
        "type": "Secret Keyword",
        "filename": "publisher_v2/tests/web/test_auth0.py",
        "hashed_secret": "fe1bae27cb7c1fb823f496f286e78f1d2ae87734",
        "is_verified": false,
        "line_number": 15
      },
      {
        "type": "Secret Keyword",
        "filename": "publisher_v2/tests/web/test_auth0.py",
        "hashed_secret": "03f5e2d670af3e9183f3fe790785b0d41291a17d",
        "is_verified": false,
        "line_number": 30
      }
    ],
    "publisher_v2/tests/web/test_concurrent_publish_no_db.py": [
      {
        "type": "Secret Keyword",
        "filename": "publisher_v2/tests/web/test_concurrent_publish_no_db.py",
        "hashed_secret": "1a91d62f7ca67399625a4368a6ab5d4a3baa6073",
        "is_verified": false,
        "line_number": 165
      },
      {
        "type": "Secret Keyword",
        "filename": "publisher_v2/tests/web/test_concurrent_publish_no_db.py",
        "hashed_secret": "e9a5f12a8ecbb3eb46eca5096b5c52aa5e7c9fdd",
        "is_verified": false,
        "line_number": 168
      },
      {
        "type": "Secret Keyword",
        "filename": "publisher_v2/tests/web/test_concurrent_publish_no_db.py",
        "hashed_secret": "fe1bae27cb7c1fb823f496f286e78f1d2ae87734",
        "is_verified": false,
        "line_number": 172
      },
      {
        "type": "Secret Keyword",
        "filename": "publisher_v2/tests/web/test_concurrent_publish_no_db.py",
        "hashed_secret": "e5d3db477707ed7e063c4cc9f87449633c3337c4",
        "is_verified": false,
        "line_number": 176
      }
    ],
    "publisher_v2/tests/web/test_csp_storage_origin.py": [
      {
        "type": "Secret Keyword",
        "filename": "publisher_v2/tests/web/test_csp_storage_origin.py",
        "hashed_secret": "e9a5f12a8ecbb3eb46eca5096b5c52aa5e7c9fdd",
        "is_verified": false,
        "line_number": 34
      },
      {
        "type": "Secret Keyword",
        "filename": "publisher_v2/tests/web/test_csp_storage_origin.py",
        "hashed_secret": "fe1bae27cb7c1fb823f496f286e78f1d2ae87734",
        "is_verified": false,
        "line_number": 35
      }
    ],
    "publisher_v2/tests/web/test_features_config.py": [
      {
        "type": "Secret Keyword",
        "filename": "publisher_v2/tests/web/test_features_config.py",
        "hashed_secret": "3c3b274d119ff5a5ec6c1e215c1cb794d9973ac1",
        "is_verified": false,
        "line_number": 48
      }
    ],
    "publisher_v2/tests/web/test_forwarded_scheme_real_app.py": [
      {
        "type": "Secret Keyword",
        "filename": "publisher_v2/tests/web/test_forwarded_scheme_real_app.py",
        "hashed_secret": "e5e9fa1ba31ecd1ae84f75caaa474f3a663f05f4",
        "is_verified": false,
        "line_number": 116
      }
    ],
    "publisher_v2/tests/web/test_library_move_sanitizing.py": [
      {
        "type": "Secret Keyword",
        "filename": "publisher_v2/tests/web/test_library_move_sanitizing.py",
        "hashed_secret": "e9a5f12a8ecbb3eb46eca5096b5c52aa5e7c9fdd",
        "is_verified": false,
        "line_number": 92
      },
      {
        "type": "Secret Keyword",
        "filename": "publisher_v2/tests/web/test_library_move_sanitizing.py",
        "hashed_secret": "fe1bae27cb7c1fb823f496f286e78f1d2ae87734",
        "is_verified": false,
        "line_number": 93
      },
      {
        "type": "Secret Keyword",
        "filename": "publisher_v2/tests/web/test_library_move_sanitizing.py",
        "hashed_secret": "e5d3db477707ed7e063c4cc9f87449633c3337c4",
        "is_verified": false,
        "line_number": 97
      }
    ],
    "publisher_v2/tests/web/test_password_login_removed.py": [
      {
        "type": "Secret Keyword",
        "filename": "publisher_v2/tests/web/test_password_login_removed.py",
        "hashed_secret": "e9a5f12a8ecbb3eb46eca5096b5c52aa5e7c9fdd",
        "is_verified": false,
        "line_number": 24
      },
      {
        "type": "Secret Keyword",
        "filename": "publisher_v2/tests/web/test_password_login_removed.py",
        "hashed_secret": "fe1bae27cb7c1fb823f496f286e78f1d2ae87734",
        "is_verified": false,
        "line_number": 28
      },
      {
        "type": "Secret Keyword",
        "filename": "publisher_v2/tests/web/test_password_login_removed.py",
        "hashed_secret": "e5d3db477707ed7e063c4cc9f87449633c3337c4",
        "is_verified": false,
        "line_number": 35
      },
      {
        "type": "Secret Keyword",
        "filename": "publisher_v2/tests/web/test_password_login_removed.py",
        "hashed_secret": "e5e9fa1ba31ecd1ae84f75caaa474f3a663f05f4",
        "is_verified": false,
        "line_number": 68
      }
    ],
    "publisher_v2/tests/web/test_per_platform_captions_real_app.py": [
      {
        "type": "Secret Keyword",
        "filename": "publisher_v2/tests/web/test_per_platform_captions_real_app.py",
        "hashed_secret": "1a91d62f7ca67399625a4368a6ab5d4a3baa6073",
        "is_verified": false,
        "line_number": 181
      },
      {
        "type": "Secret Keyword",
        "filename": "publisher_v2/tests/web/test_per_platform_captions_real_app.py",
        "hashed_secret": "e9a5f12a8ecbb3eb46eca5096b5c52aa5e7c9fdd",
        "is_verified": false,
        "line_number": 184
      },
      {
        "type": "Secret Keyword",
        "filename": "publisher_v2/tests/web/test_per_platform_captions_real_app.py",
        "hashed_secret": "fe1bae27cb7c1fb823f496f286e78f1d2ae87734",
        "is_verified": false,
        "line_number": 188
      },
      {
        "type": "Secret Keyword",
        "filename": "publisher_v2/tests/web/test_per_platform_captions_real_app.py",
        "hashed_secret": "e5d3db477707ed7e063c4cc9f87449633c3337c4",
        "is_verified": false,
        "line_number": 192
      }
    ],
    "publisher_v2/tests/web/test_request_id_fullmatch.py": [
      {
        "type": "Secret Keyword",
        "filename": "publisher_v2/tests/web/test_request_id_fullmatch.py",
        "hashed_secret": "e9a5f12a8ecbb3eb46eca5096b5c52aa5e7c9fdd",
        "is_verified": false,
        "line_number": 65
      },
      {
        "type": "Secret Keyword",
        "filename": "publisher_v2/tests/web/test_request_id_fullmatch.py",
        "hashed_secret": "fe1bae27cb7c1fb823f496f286e78f1d2ae87734",
        "is_verified": false,
        "line_number": 69
      },
      {
        "type": "Secret Keyword",
        "filename": "publisher_v2/tests/web/test_request_id_fullmatch.py",
        "hashed_secret": "e5d3db477707ed7e063c4cc9f87449633c3337c4",
        "is_verified": false,
        "line_number": 73
      }
    ],
    "publisher_v2/tests/web/test_service_ai_backoff.py": [
      {
        "type": "Secret Keyword",
        "filename": "publisher_v2/tests/web/test_service_ai_backoff.py",
        "hashed_secret": "c0745ace1096f365f28b434a3134a31caf7666cd",
        "is_verified": false,
        "line_number": 50
      }
    ],
    "scripts/caption_sample.py": [
      {
        "type": "Secret Keyword",
        "filename": "scripts/caption_sample.py",
        "hashed_secret": "ec3810e10fb78db55ce38b9c18d1c3eb1db739e0",
        "is_verified": false,
        "line_number": 26
      },
      {
        "type": "Secret Keyword",
        "filename": "scripts/caption_sample.py",
        "hashed_secret": "ce7501007f04a6529e650f1f1b3fc0586d1d94eb",
        "is_verified": false,
        "line_number": 149
      }
    ]
  },
  "generated_at": "2026-09-26T14:32:02Z"
}
